Archive member included to satisfy reference by file (symbol)

d:/clion_stm32/gcc-arm-none-eabi-10.3-2021.10/bin/../lib/gcc/arm-none-eabi/10.3.1/../../../../arm-none-eabi/lib/thumb/v7e-m/nofp\libg.a(lib_a-exit.o)
                              d:/clion_stm32/gcc-arm-none-eabi-10.3-2021.10/bin/../lib/gcc/arm-none-eabi/10.3.1/../../../../arm-none-eabi/lib/thumb/v7e-m/nofp/crt0.o (exit)
d:/clion_stm32/gcc-arm-none-eabi-10.3-2021.10/bin/../lib/gcc/arm-none-eabi/10.3.1/../../../../arm-none-eabi/lib/thumb/v7e-m/nofp\libg.a(lib_a-impure.o)
                              d:/clion_stm32/gcc-arm-none-eabi-10.3-2021.10/bin/../lib/gcc/arm-none-eabi/10.3.1/../../../../arm-none-eabi/lib/thumb/v7e-m/nofp\libg.a(lib_a-exit.o) (_global_impure_ptr)
d:/clion_stm32/gcc-arm-none-eabi-10.3-2021.10/bin/../lib/gcc/arm-none-eabi/10.3.1/../../../../arm-none-eabi/lib/thumb/v7e-m/nofp\libg.a(lib_a-init.o)
                              d:/clion_stm32/gcc-arm-none-eabi-10.3-2021.10/bin/../lib/gcc/arm-none-eabi/10.3.1/../../../../arm-none-eabi/lib/thumb/v7e-m/nofp/crt0.o (__libc_init_array)
d:/clion_stm32/gcc-arm-none-eabi-10.3-2021.10/bin/../lib/gcc/arm-none-eabi/10.3.1/../../../../arm-none-eabi/lib/thumb/v7e-m/nofp\libg.a(lib_a-memset.o)
                              d:/clion_stm32/gcc-arm-none-eabi-10.3-2021.10/bin/../lib/gcc/arm-none-eabi/10.3.1/../../../../arm-none-eabi/lib/thumb/v7e-m/nofp/crt0.o (memset)
d:/clion_stm32/gcc-arm-none-eabi-10.3-2021.10/bin/../lib/gcc/arm-none-eabi/10.3.1/../../../../arm-none-eabi/lib/thumb/v7e-m/nofp\libg.a(lib_a-__call_atexit.o)
                              d:/clion_stm32/gcc-arm-none-eabi-10.3-2021.10/bin/../lib/gcc/arm-none-eabi/10.3.1/../../../../arm-none-eabi/lib/thumb/v7e-m/nofp\libg.a(lib_a-exit.o) (__call_exitprocs)
d:/clion_stm32/gcc-arm-none-eabi-10.3-2021.10/bin/../lib/gcc/arm-none-eabi/10.3.1/../../../../arm-none-eabi/lib/thumb/v7e-m/nofp\libg.a(lib_a-atexit.o)
                              d:/clion_stm32/gcc-arm-none-eabi-10.3-2021.10/bin/../lib/gcc/arm-none-eabi/10.3.1/../../../../arm-none-eabi/lib/thumb/v7e-m/nofp\libg.a(lib_a-__call_atexit.o) (atexit)
d:/clion_stm32/gcc-arm-none-eabi-10.3-2021.10/bin/../lib/gcc/arm-none-eabi/10.3.1/../../../../arm-none-eabi/lib/thumb/v7e-m/nofp\libg.a(lib_a-fini.o)
                              d:/clion_stm32/gcc-arm-none-eabi-10.3-2021.10/bin/../lib/gcc/arm-none-eabi/10.3.1/../../../../arm-none-eabi/lib/thumb/v7e-m/nofp\libg.a(lib_a-__call_atexit.o) (__libc_fini_array)
d:/clion_stm32/gcc-arm-none-eabi-10.3-2021.10/bin/../lib/gcc/arm-none-eabi/10.3.1/../../../../arm-none-eabi/lib/thumb/v7e-m/nofp\libg.a(lib_a-lock.o)
                              d:/clion_stm32/gcc-arm-none-eabi-10.3-2021.10/bin/../lib/gcc/arm-none-eabi/10.3.1/../../../../arm-none-eabi/lib/thumb/v7e-m/nofp\libg.a(lib_a-__call_atexit.o) (__retarget_lock_acquire_recursive)
d:/clion_stm32/gcc-arm-none-eabi-10.3-2021.10/bin/../lib/gcc/arm-none-eabi/10.3.1/../../../../arm-none-eabi/lib/thumb/v7e-m/nofp\libg.a(lib_a-__atexit.o)
                              d:/clion_stm32/gcc-arm-none-eabi-10.3-2021.10/bin/../lib/gcc/arm-none-eabi/10.3.1/../../../../arm-none-eabi/lib/thumb/v7e-m/nofp\libg.a(lib_a-atexit.o) (__register_exitproc)

Discarded input sections

 .text          0x00000000        0x0 d:/clion_stm32/gcc-arm-none-eabi-10.3-2021.10/bin/../lib/gcc/arm-none-eabi/10.3.1/thumb/v7e-m/nofp/crti.o
 .data          0x00000000        0x0 d:/clion_stm32/gcc-arm-none-eabi-10.3-2021.10/bin/../lib/gcc/arm-none-eabi/10.3.1/thumb/v7e-m/nofp/crti.o
 .bss           0x00000000        0x0 d:/clion_stm32/gcc-arm-none-eabi-10.3-2021.10/bin/../lib/gcc/arm-none-eabi/10.3.1/thumb/v7e-m/nofp/crti.o
 .data          0x00000000        0x4 d:/clion_stm32/gcc-arm-none-eabi-10.3-2021.10/bin/../lib/gcc/arm-none-eabi/10.3.1/thumb/v7e-m/nofp/crtbegin.o
 .rodata        0x00000000       0x24 d:/clion_stm32/gcc-arm-none-eabi-10.3-2021.10/bin/../lib/gcc/arm-none-eabi/10.3.1/thumb/v7e-m/nofp/crtbegin.o
 .text          0x00000000       0x7c d:/clion_stm32/gcc-arm-none-eabi-10.3-2021.10/bin/../lib/gcc/arm-none-eabi/10.3.1/../../../../arm-none-eabi/lib/thumb/v7e-m/nofp/crt0.o
 .data          0x00000000        0x0 d:/clion_stm32/gcc-arm-none-eabi-10.3-2021.10/bin/../lib/gcc/arm-none-eabi/10.3.1/../../../../arm-none-eabi/lib/thumb/v7e-m/nofp/crt0.o
 .bss           0x00000000        0x0 d:/clion_stm32/gcc-arm-none-eabi-10.3-2021.10/bin/../lib/gcc/arm-none-eabi/10.3.1/../../../../arm-none-eabi/lib/thumb/v7e-m/nofp/crt0.o
 .ARM.extab     0x00000000        0x0 d:/clion_stm32/gcc-arm-none-eabi-10.3-2021.10/bin/../lib/gcc/arm-none-eabi/10.3.1/../../../../arm-none-eabi/lib/thumb/v7e-m/nofp/crt0.o
 .ARM.exidx     0x00000000       0x10 d:/clion_stm32/gcc-arm-none-eabi-10.3-2021.10/bin/../lib/gcc/arm-none-eabi/10.3.1/../../../../arm-none-eabi/lib/thumb/v7e-m/nofp/crt0.o
 .ARM.attributes
[...]
Memory Configuration

Name             Origin             Length             Attributes
RAM              0x20000000         0x00020000         xrw
FLASH            0x08000000         0x00040000         xr
*default*        0x00000000         0xffffffff

Linker script and memory map

LOAD d:/clion_stm32/gcc-arm-none-eabi-10.3-2021.10/bin/../lib/gcc/arm-none-eabi/10.3.1/thumb/v7e-m/nofp/crti.o
LOAD d:/clion_stm32/gcc-arm-none-eabi-10.3-2021.10/bin/../lib/gcc/arm-none-eabi/10.3.1/thumb/v7e-m/nofp/crtbegin.o
LOAD d:/clion_stm32/gcc-arm-none-eabi-10.3-2021.10/bin/../lib/gcc/arm-none-eabi/10.3.1/../../../../arm-none-eabi/lib/thumb/v7e-m/nofp/crt0.o
LOAD CMakeFiles/STM32_F411.elf.dir/STM32F4xx_StdPeriph_Driver/src/misc.c.obj
LOAD CMakeFiles/STM32_F411.elf.dir/STM32F4xx_StdPeriph_Driver/src/stm32f4xx_adc.c.obj
LOAD CMakeFiles/STM32_F411.elf.dir/STM32F4xx_StdPeriph_Driver/src/stm32f4xx_can.c.obj
LOAD CMakeFiles/STM32_F411.elf.dir/STM32F4xx_StdPeriph_Driver/src/stm32f4xx_cec.c.obj
LOAD CMakeFiles/STM32_F411.elf.dir/STM32F4xx_StdPeriph_Driver/src/stm32f4xx_crc.c.obj
LOAD CMakeFiles/STM32_F411.elf.dir/STM32F4xx_StdPeriph_Driver/src/stm32f4xx_cryp.c.obj
LOAD CMakeFiles/STM32_F411.elf.dir/STM32F4xx_StdPeriph_Driver/src/stm32f4xx_cryp_aes.c.obj
LOAD CMakeFiles/STM32_F411.elf.dir/STM32F4xx_StdPeriph_Driver/src/stm32f4xx_cryp_des.c.obj
LOAD CMakeFiles/STM32_F411.elf.dir/STM32F4xx_StdPeriph_Driver/src/stm32f4xx_cryp_tdes.c.obj
LOAD CMakeFiles/STM32_F411.elf.dir/STM32F4xx_StdPeriph_Driver/src/stm32f4xx_dac.c.obj
LOAD CMakeFiles/STM32_F411.elf.dir/STM32F4xx_StdPeriph_Driver/src/stm32f4xx_dbgmcu.c.obj
LOAD CMakeFiles/STM32_F411.elf.dir/STM32F4xx_StdPeriph_Driver/src/stm32f4xx_dcmi.c.obj
LOAD CMakeFiles/STM32_F411.elf.dir/STM32F4xx_StdPeriph_Driver/src/stm32f4xx_dfsdm.c.obj
LOAD CMakeFiles/STM32_F411.elf.dir/STM32F4xx_StdPeriph_Driver/src/stm32f4xx_dma.c.obj
LOAD CMakeFiles/STM32_F411.elf.dir/STM32F4xx_StdPeriph_Driver/src/stm32f4xx_dma2d.c.obj
LOAD CMakeFiles/STM32_F411.elf.dir/STM32F4xx_StdPeriph_Driver/src/stm32f4xx_dsi.c.obj
LOAD CMakeFiles/STM32_F411.elf.dir/STM32F4xx_StdPeriph_Driver/src/stm32f4xx_exti.c.obj
LOAD CMakeFiles/STM32_F411.elf.dir/STM32F4xx_StdPeriph_Driver/src/stm32f4xx_flash.c.obj
LOAD CMakeFiles/STM32_F411.elf.dir/STM32F4xx_StdPeriph_Driver/src/stm32f4xx_flash_ramfunc.c.obj
LOAD CMakeFiles/STM32_F411.elf.dir/STM32F4xx_StdPeriph_Driver/src/stm32f4xx_gpio.c.obj
LOAD CMakeFiles/STM32_F411.elf.dir/STM32F4xx_StdPeriph_Driver/src/stm32f4xx_hash.c.obj
LOAD CMakeFiles/STM32_F411.elf.dir/STM32F4xx_StdPeriph_Driver/src/stm32f4xx_hash_md5.c.obj
LOAD CMakeFiles/STM32_F411.elf.dir/STM32F4xx_StdPeriph_Driver/src/stm32f4xx_hash_sha1.c.obj
LOAD CMakeFiles/STM32_F411.elf.dir/STM32F4xx_StdPeriph_Driver/src/stm32f4xx_i2c.c.obj
LOAD CMakeFiles/STM32_F411.elf.dir/STM32F4xx_StdPeriph_Driver/src/stm32f4xx_iwdg.c.obj
LOAD CMakeFiles/STM32_F411.elf.dir/STM32F4xx_StdPeriph_Driver/src/stm32f4xx_lptim.c.obj
LOAD CMakeFiles/STM32_F411.elf.dir/STM32F4xx_StdPeriph_Driver/src/stm32f4xx_ltdc.c.obj
LOAD CMakeFiles/STM32_F411.elf.dir/STM32F4xx_StdPeriph_Driver/src/stm32f4xx_pwr.c.obj
LOAD CMakeFiles/STM32_F411.elf.dir/STM32F4xx_StdPeriph_Driver/src/stm32f4xx_qspi.c.obj
LOAD CMakeFiles/STM32_F411.elf.dir/STM32F4xx_StdPeriph_Driver/src/stm32f4xx_rcc.c.obj
LOAD CMakeFiles/STM32_F411.elf.dir/STM32F4xx_StdPeriph_Driver/src/stm32f4xx_rng.c.obj
LOAD CMakeFiles/STM32_F411.elf.dir/STM32F4xx_StdPeriph_Driver/src/stm32f4xx_rtc.c.obj
LOAD CMakeFiles/STM32_F411.elf.dir/STM32F4xx_StdPeriph_Driver/src/stm32f4xx_sai.c.obj
LOAD CMakeFiles/STM32_F411.elf.dir/STM32F4xx_StdPeriph_Driver/src/stm32f4xx_sdio.c.obj
LOAD CMakeFiles/STM32_F411.elf.dir/STM32F4xx_StdPeriph_Driver/src/stm32f4xx_spdifrx.c.obj
LOAD CMakeFiles/STM32_F411.elf.dir/STM32F4xx_StdPeriph_Driver/src/stm32f4xx_spi.c.obj
LOAD CMakeFiles/STM32_F411.elf.dir/STM32F4xx_StdPeriph_Driver/src/stm32f4xx_syscfg.c.obj
LOAD CMakeFiles/STM32_F411.elf.dir/STM32F4xx_StdPeriph_Driver/src/stm32f4xx_tim.c.obj
LOAD CMakeFiles/STM32_F411.elf.dir/STM32F4xx_StdPeriph_Driver/src/stm32f4xx_usart.c.obj
LOAD CMakeFiles/STM32_F411.elf.dir/STM32F4xx_StdPeriph_Driver/src/stm32f4xx_wwdg.c.obj
LOAD CMakeFiles/STM32_F411.elf.dir/Source/main.c.obj
LOAD CMakeFiles/STM32_F411.elf.dir/dr/stm32f4xx_it.c.obj
LOAD CMakeFiles/STM32_F411.elf.dir/dr/system_stm32f4xx.c.obj
LOAD CMakeFiles/STM32_F411.elf.dir/startup/startup_stm32f411xe.s.obj
START GROUP
LOAD d:/clion_stm32/gcc-arm-none-eabi-10.3-2021.10/bin/../lib/gcc/arm-none-eabi/10.3.1/thumb/v7e-m/nofp\libgcc.a
LOAD d:/clion_stm32/gcc-arm-none-eabi-10.3-2021.10/bin/../lib/gcc/arm-none-eabi/10.3.1/../../../../arm-none-eabi/lib/thumb/v7e-m/nofp\libg.a
LOAD d:/clion_stm32/gcc-arm-none-eabi-10.3-2021.10/bin/../lib/gcc/arm-none-eabi/10.3.1/../../../../arm-none-eabi/lib/thumb/v7e-m/nofp\libc.a
END GROUP
LOAD d:/clion_stm32/gcc-arm-none-eabi-10.3-2021.10/bin/../lib/gcc/arm-none-eabi/10.3.1/thumb/v7e-m/nofp/crtend.o
LOAD d:/clion_stm32/gcc-arm-none-eabi-10.3-2021.10/bin/../lib/gcc/arm-none-eabi/10.3.1/thumb/v7e-m/nofp/crtn.o
                0x20020000                _estack = 0x20020000
                0x00000200                _Min_Heap_Size = 0x200
                0x00000400                _Min_Stack_Size = 0x400

.isr_vector     0x08000000      0x198
                0x08000000                . = ALIGN (0x4)
 *(.isr_vector)
 .isr_vector    0x08000000      0x198 CMakeFiles/STM32_F411.elf.dir/startup/startup_stm32f411xe.s.obj
                0x08000000                g_pfnVectors
                0x08000198                . = ALIGN (0x4)

.text           0x08000198      0x414
                0x08000198                . = ALIGN (0x4)
 *(.text)
 .text          0x08000198       0x40 d:/clion_stm32/gcc-arm-none-eabi-10.3-2021.10/bin/../lib/gcc/arm-none-eabi/10.3.1/thumb/v7e-m/nofp/crtbegin.o
 *(.text*)
 .text.GPIO_Init
                0x080001d8       0xa6 CMakeFiles/STM32_F411.elf.dir/STM32F4xx_StdPeriph_Driver/src/stm32f4xx_gpio.c.obj
                0x080001d8                GPIO_Init
 .text.GPIO_WriteBit
                0x0800027e        0xa CMakeFiles/STM32_F411.elf.dir/STM32F4xx_StdPeriph_Driver/src/stm32f4xx_gpio.c.obj
                0x0800027e                GPIO_WriteBit
 .text.RCC_AHB1PeriphClockCmd
                0x08000288       0x1c CMakeFiles/STM32_F411.elf.dir/STM32F4xx_StdPeriph_Driver/src/stm32f4xx_rcc.c.obj
                0x08000288                RCC_AHB1PeriphClockCmd
 .text.delay    0x080002a4        0x6 CMakeFiles/STM32_F411.elf.dir/Source/main.c.obj
                0x080002a4                delay
 *fill*         0x080002aa        0x2 
 .text.main     0x080002ac       0xa0 CMakeFiles/STM32_F411.elf.dir/Source/main.c.obj
                0x080002ac                main
 .text.NMI_Handler
                0x0800034c        0x2 CMakeFiles/STM32_F411.elf.dir/dr/stm32f4xx_it.c.obj
                0x0800034c                NMI_Handler
 .text.HardFault_Handler
                0x0800034e        0x2 CMakeFiles/STM32_F411.elf.dir/dr/stm32f4xx_it.c.obj
                0x0800034e                HardFault_Handler
 .text.MemManage_Handler
                0x08000350        0x2 CMakeFiles/STM32_F411.elf.dir/dr/stm32f4xx_it.c.obj
                0x08000350                MemManage_Handler
 .text.BusFault_Handler
                0x08000352        0x2 CMakeFiles/STM32_F411.elf.dir/dr/stm32f4xx_it.c.obj
                0x08000352                BusFault_Handler
 .text.UsageFault_Handler
                0x08000354        0x2 CMakeFiles/STM32_F411.elf.dir/dr/stm32f4xx_it.c.obj
                0x08000354                UsageFault_Handler
 .text.SVC_Handler
                0x08000356        0x2 CMakeFiles/STM32_F411.elf.dir/dr/stm32f4xx_it.c.obj
                0x08000356                SVC_Handler
 .text.DebugMon_Handler
                0x08000358        0x2 CMakeFiles/STM32_F411.elf.dir/dr/stm32f4xx_it.c.obj
                0x08000358                DebugMon_Handler
 .text.PendSV_Handler
                0x0800035a        0x2 CMakeFiles/STM32_F411.elf.dir/dr/stm32f4xx_it.c.obj
                0x0800035a                PendSV_Handler
 .text.SysTick_Handler
                0x0800035c        0x2 CMakeFiles/STM32_F411.elf.dir/dr/stm32f4xx_it.c.obj
                0x0800035c                SysTick_Handler
 *fill*         0x0800035e        0x2 
 .text.SetSysClock
                0x08000360       0x74 CMakeFiles/STM32_F411.elf.dir/dr/system_stm32f4xx.c.obj
 .text.SystemInit
                0x080003d4       0x44 CMakeFiles/STM32_F411.elf.dir/dr/system_stm32f4xx.c.obj
                0x080003d4                SystemInit
 .text.Reset_Handler
                0x08000418       0x50 CMakeFiles/STM32_F411.elf.dir/startup/startup_stm32f411xe.s.obj
                0x08000418                Reset_Handler
 .text.Default_Handler
                0x08000468        0x2 CMakeFiles/STM32_F411.elf.dir/startup/startup_stm32f411xe.s.obj
                0x08000468                RTC_Alarm_IRQHandler
                0x08000468                EXTI2_IRQHandler
                0x08000468                SPI4_IRQHandler
                0x08000468                TIM1_CC_IRQHandler
                0x08000468                DMA2_Stream5_IRQHandler
                0x08000468                DMA1_Stream5_IRQHandler
                0x08000468                PVD_IRQHandler
                0x08000468                SDIO_IRQHandler
                0x08000468                TAMP_STAMP_IRQHandler
                0x08000468                EXTI3_IRQHandler
                0x08000468                TIM1_UP_TIM10_IRQHandler
                0x08000468                I2C3_ER_IRQHandler
                0x08000468                EXTI0_IRQHandler
                0x08000468                I2C2_EV_IRQHandler
                0x08000468                DMA1_Stream2_IRQHandler
                0x08000468                FPU_IRQHandler
                0x08000468                DMA2_Stream2_IRQHandler
                0x08000468                SPI1_IRQHandler
                0x08000468                TIM1_BRK_TIM9_IRQHandler
                0x08000468                DMA2_Stream3_IRQHandler
                0x08000468                USART6_IRQHandler
                0x08000468                DMA2_Stream0_IRQHandler
                0x08000468                TIM4_IRQHandler
                0x08000468                I2C1_EV_IRQHandler
                0x08000468                DMA1_Stream6_IRQHandler
                0x08000468                DMA1_Stream1_IRQHandler
                0x08000468                TIM3_IRQHandler
                0x08000468                RCC_IRQHandler
                0x08000468                Default_Handler
                0x08000468                EXTI15_10_IRQHandler
                0x08000468                ADC_IRQHandler
                0x08000468                DMA1_Stream7_IRQHandler
                0x08000468                SPI5_IRQHandler
                0x08000468                TIM5_IRQHandler
                0x08000468                DMA2_Stream7_IRQHandler
                0x08000468                I2C3_EV_IRQHandler
                0x08000468                EXTI9_5_IRQHandler
                0x08000468                RTC_WKUP_IRQHandler
                0x08000468                SPI2_IRQHandler
                0x08000468                DMA1_Stream0_IRQHandler
                0x08000468                EXTI4_IRQHandler
                0x08000468                WWDG_IRQHandler
                0x08000468                TIM2_IRQHandler
                0x08000468                OTG_FS_WKUP_IRQHandler
                0x08000468                TIM1_TRG_COM_TIM11_IRQHandler
                0x08000468                EXTI1_IRQHandler
                0x08000468                USART2_IRQHandler
                0x08000468                I2C2_ER_IRQHandler
                0x08000468                DMA2_Stream1_IRQHandler
                0x08000468                FLASH_IRQHandler
                0x08000468                DMA2_Stream4_IRQHandler
                0x08000468                USART1_IRQHandler
                0x08000468                OTG_FS_IRQHandler
                0x08000468                SPI3_IRQHandler
                0x08000468                DMA1_Stream4_IRQHandler
                0x08000468                I2C1_ER_IRQHandler
                0x08000468                DMA2_Stream6_IRQHandler
                0x08000468                DMA1_Stream3_IRQHandler
 *fill*         0x0800046a        0x2 
 .text.__libc_init_array
                0x0800046c       0x48 d:/clion_stm32/gcc-arm-none-eabi-10.3-2021.10/bin/../lib/gcc/arm-none-eabi/10.3.1/../../../../arm-none-eabi/lib/thumb/v7e-m/nofp\libg.a(lib_a-init.o)
                0x0800046c                __libc_init_array
 .text.startup.register_fini
                0x080004b4       0x14 d:/clion_stm32/gcc-arm-none-eabi-10.3-2021.10/bin/../lib/gcc/arm-none-eabi/10.3.1/../../../../arm-none-eabi/lib/thumb/v7e-m/nofp\libg.a(lib_a-__call_atexit.o)
 .text.atexit   0x080004c8        0xc d:/clion_stm32/gcc-arm-none-eabi-10.3-2021.10/bin/../lib/gcc/arm-none-eabi/10.3.1/../../../../arm-none-eabi/lib/thumb/v7e-m/nofp\libg.a(lib_a-atexit.o)
                0x080004c8                atexit
 .text.__libc_fini_array
                0x080004d4       0x2c d:/clion_stm32/gcc-arm-none-eabi-10.3-2021.10/bin/../lib/gcc/arm-none-eabi/10.3.1/../../../../arm-none-eabi/lib/thumb/v7e-m/nofp\libg.a(lib_a-fini.o)
                0x080004d4                __libc_fini_array
 .text.__retarget_lock_acquire_recursive
                0x08000500        0x4 d:/clion_stm32/gcc-arm-none-eabi-10.3-2021.10/bin/../lib/gcc/arm-none-eabi/10.3.1/../../../../arm-none-eabi/lib/thumb/v7e-m/nofp\libg.a(lib_a-lock.o)
                0x08000500                __retarget_lock_acquire_recursive
 .text.__retarget_lock_release_recursive
                0x08000504        0x4 d:/clion_stm32/gcc-arm-none-eabi-10.3-2021.10/bin/../lib/gcc/arm-none-eabi/10.3.1/../../../../arm-none-eabi/lib/thumb/v7e-m/nofp\libg.a(lib_a-lock.o)
                0x08000504                __retarget_lock_release_recursive
 .text.__register_exitproc
                0x08000508       0x8c d:/clion_stm32/gcc-arm-none-eabi-10.3-2021.10/bin/../lib/gcc/arm-none-eabi/10.3.1/../../../../arm-none-eabi/lib/thumb/v7e-m/nofp\libg.a(lib_a-__atexit.o)
                0x08000508                __register_exitproc
 *(.glue_7)
 .glue_7        0x08000594        0x0 linker stubs
 *(.glue_7t)
 .glue_7t       0x08000594        0x0 linker stubs
 *(.eh_frame)
 .eh_frame      0x08000594        0x0 d:/clion_stm32/gcc-arm-none-eabi-10.3-2021.10/bin/../lib/gcc/arm-none-eabi/10.3.1/thumb/v7e-m/nofp/crtbegin.o
 *(.init)
 .init          0x08000594        0x4 d:/clion_stm32/gcc-arm-none-eabi-10.3-2021.10/bin/../lib/gcc/arm-none-eabi/10.3.1/thumb/v7e-m/nofp/crti.o
                0x08000594                _init
 .init          0x08000598        0x8 d:/clion_stm32/gcc-arm-none-eabi-10.3-2021.10/bin/../lib/gcc/arm-none-eabi/10.3.1/thumb/v7e-m/nofp/crtn.o
 *(.fini)
 .fini          0x080005a0        0x4 d:/clion_stm32/gcc-arm-none-eabi-10.3-2021.10/bin/../lib/gcc/arm-none-eabi/10.3.1/thumb/v7e-m/nofp/crti.o
                0x080005a0                _fini
 .fini          0x080005a4        0x8 d:/clion_stm32/gcc-arm-none-eabi-10.3-2021.10/bin/../lib/gcc/arm-none-eabi/10.3.1/thumb/v7e-m/nofp/crtn.o
                0x080005ac                . = ALIGN (0x4)
                0x080005ac                _etext = .

.vfp11_veneer   0x080005ac        0x0
 .vfp11_veneer  0x080005ac        0x0 linker stubs

.v4_bx          0x080005ac        0x0
 .v4_bx         0x080005ac        0x0 linker stubs

.iplt           0x080005ac        0x0
 .iplt          0x080005ac        0x0 d:/clion_stm32/gcc-arm-none-eabi-10.3-2021.10/bin/../lib/gcc/arm-none-eabi/10.3.1/thumb/v7e-m/nofp/crtbegin.o

.rodata         0x080005ac        0x4
                0x080005ac                . = ALIGN (0x4)
 *(.rodata)
 *(.rodata*)
 .rodata._global_impure_ptr
                0x080005ac        0x4 d:/clion_stm32/gcc-arm-none-eabi-10.3-2021.10/bin/../lib/gcc/arm-none-eabi/10.3.1/../../../../arm-none-eabi/lib/thumb/v7e-m/nofp\libg.a(lib_a-impure.o)
                0x080005ac                _global_impure_ptr
                0x080005b0                . = ALIGN (0x4)

.rel.dyn        0x080005b0        0x0
 .rel.iplt      0x080005b0        0x0 d:/clion_stm32/gcc-arm-none-eabi-10.3-2021.10/bin/../lib/gcc/arm-none-eabi/10.3.1/thumb/v7e-m/nofp/crtbegin.o

.ARM.extab
 *(.ARM.extab* .gnu.linkonce.armextab.*)

.ARM            0x080005b0        0x0
                0x080005b0                __exidx_start = .
 *(.ARM.exidx*)
                0x080005b0                __exidx_end = .

.preinit_array  0x080005b0        0x0
                0x080005b0                PROVIDE (__preinit_array_start = .)
 *(.preinit_array*)
                0x080005b0                PROVIDE (__preinit_array_end = .)

.init_array     0x080005b0        0x8
                0x080005b0                PROVIDE (__init_array_start = .)
 *(SORT_BY_NAME(.init_array.*))
 .init_array.00000
                0x080005b0        0x4 d:/clion_stm32/gcc-arm-none-eabi-10.3-2021.10/bin/../lib/gcc/arm-none-eabi/10.3.1/../../../../arm-none-eabi/lib/thumb/v7e-m/nofp\libg.a(lib_a-__call_atexit.o)
 *(.init_array*)
 .init_array    0x080005b4        0x4 d:/clion_stm32/gcc-arm-none-eabi-10.3-2021.10/bin/../lib/gcc/arm-none-eabi/10.3.1/thumb/v7e-m/nofp/crtbegin.o
                0x080005b8                PROVIDE (__init_array_end = .)

.fini_array     0x080005b8        0x4
                0x080005b8                PROVIDE (__fini_array_start = .)
 *(SORT_BY_NAME(.fini_array.*))
 *(.fini_array*)
 .fini_array    0x080005b8        0x4 d:/clion_stm32/gcc-arm-none-eabi-10.3-2021.10/bin/../lib/gcc/arm-none-eabi/10.3.1/thumb/v7e-m/nofp/crtbegin.o
                0x080005bc                PROVIDE (__fini_array_end = .)
                0x080005bc                _sidata = LOADADDR (.data)

.data           0x20000000      0x42c load address 0x080005bc
                0x20000000                . = ALIGN (0x4)
                0x20000000                _sdata = .
 *(.data)
 *(.data*)
 .data.impure_data
                0x20000000      0x428 d:/clion_stm32/gcc-arm-none-eabi-10.3-2021.10/bin/../lib/gcc/arm-none-eabi/10.3.1/../../../../arm-none-eabi/lib/thumb/v7e-m/nofp\libg.a(lib_a-impure.o)
 .data.__atexit_recursive_mutex
                0x20000428        0x4 d:/clion_stm32/gcc-arm-none-eabi-10.3-2021.10/bin/../lib/gcc/arm-none-eabi/10.3.1/../../../../arm-none-eabi/lib/thumb/v7e-m/nofp\libg.a(lib_a-__call_atexit.o)
                0x20000428                __atexit_recursive_mutex
                0x2000042c                . = ALIGN (0x4)
                0x2000042c                _edata = .

.igot.plt       0x2000042c        0x0 load address 0x080009e8
 .igot.plt      0x2000042c        0x0 d:/clion_stm32/gcc-arm-none-eabi-10.3-2021.10/bin/../lib/gcc/arm-none-eabi/10.3.1/thumb/v7e-m/nofp/crtbegin.o
                0x2000042c                . = ALIGN (0x4)

.bss            0x2000042c       0x20 load address 0x080009e8
                0x2000042c                _sbss = .
                0x2000042c                __bss_start__ = _sbss
 *(.bss)
 .bss           0x2000042c       0x1c d:/clion_stm32/gcc-arm-none-eabi-10.3-2021.10/bin/../lib/gcc/arm-none-eabi/10.3.1/thumb/v7e-m/nofp/crtbegin.o
 *(.bss*)
 .bss.__lock___atexit_recursive_mutex
                0x20000448        0x1 d:/clion_stm32/gcc-arm-none-eabi-10.3-2021.10/bin/../lib/gcc/arm-none-eabi/10.3.1/../../../../arm-none-eabi/lib/thumb/v7e-m/nofp\libg.a(lib_a-lock.o)
                0x20000448                __lock___atexit_recursive_mutex
 *(COMMON)
                0x2000044c                . = ALIGN (0x4)
 *fill*         0x20000449        0x3 
                0x2000044c                _ebss = .
                0x2000044c                __bss_end__ = _ebss

._user_heap_stack
                0x2000044c      0x604 load address 0x080009e8
                0x20000450                . = ALIGN (0x8)
 *fill*         0x2000044c        0x4 
                [!provide]                PROVIDE (end = .)
                [!provide]                PROVIDE (_end = .)
                0x20000650                . = (. + _Min_Heap_Size)
 *fill*         0x20000450      0x200 
                0x20000a50                . = (. + _Min_Stack_Size)
 *fill*         0x20000650      0x400 
                0x20000a50                . = ALIGN (0x8)

/DISCARD/
 libc.a(*)
 libm.a(*)
 libgcc.a(*)

.ARM.attributes
                0x00000000       0x2a
 *(.ARM.attributes)
 .ARM.attributes
                0x00000000       0x1e d:/clion_stm32/gcc-arm-none-eabi-10.3-2021.10/bin/../lib/gcc/arm-none-eabi/10.3.1/thumb/v7e-m/nofp/crti.o
 .ARM.attributes
                0x0000001e       0x2e d:/clion_stm32/gcc-arm-none-eabi-10.3-2021.10/bin/../lib/gcc/arm-none-eabi/10.3.1/thumb/v7e-m/nofp/crtbegin.o
 .ARM.attributes
                0x0000004c       0x2e CMakeFiles/STM32_F411.elf.dir/STM32F4xx_StdPeriph_Driver/src/stm32f4xx_gpio.c.obj
 .ARM.attributes
                0x0000007a       0x2e CMakeFiles/STM32_F411.elf.dir/STM32F4xx_StdPeriph_Driver/src/stm32f4xx_rcc.c.obj
 .ARM.attributes
                0x000000a8       0x2e CMakeFiles/STM32_F411.elf.dir/Source/main.c.obj
 .ARM.attributes
                0x000000d6       0x2e CMakeFiles/STM32_F411.elf.dir/dr/stm32f4xx_it.c.obj
 .ARM.attributes
                0x00000104       0x2e CMakeFiles/STM32_F411.elf.dir/dr/system_stm32f4xx.c.obj
 .ARM.attributes
                0x00000132       0x21 CMakeFiles/STM32_F411.elf.dir/startup/startup_stm32f411xe.s.obj
 .ARM.attributes
                0x00000153       0x2e d:/clion_stm32/gcc-arm-none-eabi-10.3-2021.10/bin/../lib/gcc/arm-none-eabi/10.3.1/../../../../arm-none-eabi/lib/thumb/v7e-m/nofp\libg.a(lib_a-impure.o)
 .ARM.attributes
                0x00000181       0x2e d:/clion_stm32/gcc-arm-none-eabi-10.3-2021.10/bin/../lib/gcc/arm-none-eabi/10.3.1/../../../../arm-none-eabi/lib/thumb/v7e-m/nofp\libg.a(lib_a-init.o)
 .ARM.attributes
                0x000001af       0x2e d:/clion_stm32/gcc-arm-none-eabi-10.3-2021.10/bin/../lib/gcc/arm-none-eabi/10.3.1/../../../../arm-none-eabi/lib/thumb/v7e-m/nofp\libg.a(lib_a-__call_atexit.o)
 .ARM.attributes
                0x000001dd       0x2e d:/clion_stm32/gcc-arm-none-eabi-10.3-2021.10/bin/../lib/gcc/arm-none-eabi/10.3.1/../../../../arm-none-eabi/lib/thumb/v7e-m/nofp\libg.a(lib_a-atexit.o)
 .ARM.attributes
                0x0000020b       0x2e d:/clion_stm32/gcc-arm-none-eabi-10.3-2021.10/bin/../lib/gcc/arm-none-eabi/10.3.1/../../../../arm-none-eabi/lib/thumb/v7e-m/nofp\libg.a(lib_a-fini.o)
 .ARM.attributes
                0x00000239       0x2e d:/clion_stm32/gcc-arm-none-eabi-10.3-2021.10/bin/../lib/gcc/arm-none-eabi/10.3.1/../../../../arm-none-eabi/lib/thumb/v7e-m/nofp\libg.a(lib_a-lock.o)
 .ARM.attributes
                0x00000267       0x2e d:/clion_stm32/gcc-arm-none-eabi-10.3-2021.10/bin/../lib/gcc/arm-none-eabi/10.3.1/../../../../arm-none-eabi/lib/thumb/v7e-m/nofp\libg.a(lib_a-__atexit.o)
 .ARM.attributes
                0x00000295       0x1e d:/clion_stm32/gcc-arm-none-eabi-10.3-2021.10/bin/../lib/gcc/arm-none-eabi/10.3.1/thumb/v7e-m/nofp/crtn.o
OUTPUT(STM32_F411.elf elf32-littlearm)
LOAD linker stubs
LOAD d:/clion_stm32/gcc-arm-none-eabi-10.3-2021.10/bin/../lib/gcc/arm-none-eabi/10.3.1/../../../../arm-none-eabi/lib/thumb/v7e-m/nofp\libc.a
LOAD d:/clion_stm32/gcc-arm-none-eabi-10.3-2021.10/bin/../lib/gcc/arm-none-eabi/10.3.1/../../../../arm-none-eabi/lib/thumb/v7e-m/nofp\libm.a
LOAD d:/clion_stm32/gcc-arm-none-eabi-10.3-2021.10/bin/../lib/gcc/arm-none-eabi/10.3.1/thumb/v7e-m/nofp\libgcc.a

.debug_info     0x00000000     0x2369
 .debug_info    0x00000000      0x8b1 CMakeFiles/STM32_F411.elf.dir/STM32F4xx_StdPeriph_Driver/src/stm32f4xx_gpio.c.obj
 .debug_info    0x000008b1      0xeea CMakeFiles/STM32_F411.elf.dir/STM32F4xx_StdPeriph_Driver/src/stm32f4xx_rcc.c.obj
 .debug_info    0x0000179b      0x496 CMakeFiles/STM32_F411.elf.dir/Source/main.c.obj
 .debug_info    0x00001c31      0x10e CMakeFiles/STM32_F411.elf.dir/dr/stm32f4xx_it.c.obj
 .debug_info    0x00001d3f      0x608 CMakeFiles/STM32_F411.elf.dir/dr/system_stm32f4xx.c.obj
 .debug_info    0x00002347       0x22 CMakeFiles/STM32_F411.elf.dir/startup/startup_stm32f411xe.s.obj

.debug_abbrev   0x00000000      0x788
 .debug_abbrev  0x00000000      0x20e CMakeFiles/STM32_F411.elf.dir/STM32F4xx_StdPeriph_Driver/src/stm32f4xx_gpio.c.obj
 .debug_abbrev  0x0000020e      0x204 CMakeFiles/STM32_F411.elf.dir/STM32F4xx_StdPeriph_Driver/src/stm32f4xx_rcc.c.obj
 .debug_abbrev  0x00000412      0x1d1 CMakeFiles/STM32_F411.elf.dir/Source/main.c.obj
 .debug_abbrev  0x000005e3       0x44 CMakeFiles/STM32_F411.elf.dir/dr/stm32f4xx_it.c.obj
 .debug_abbrev  0x00000627      0x14f CMakeFiles/STM32_F411.elf.dir/dr/system_stm32f4xx.c.obj
 .debug_abbrev  0x00000776       0x12 CMakeFiles/STM32_F411.elf.dir/startup/startup_stm32f411xe.s.obj

.debug_loc      0x00000000     0x1070
 .debug_loc     0x00000000      0x417 CMakeFiles/STM32_F411.elf.dir/STM32F4xx_StdPeriph_Driver/src/stm32f4xx_gpio.c.obj
 .debug_loc     0x00000417      0xa9a CMakeFiles/STM32_F411.elf.dir/STM32F4xx_StdPeriph_Driver/src/stm32f4xx_rcc.c.obj
 .debug_loc     0x00000eb1       0x74 CMakeFiles/STM32_F411.elf.dir/Source/main.c.obj
 .debug_loc     0x00000f25      0x14b CMakeFiles/STM32_F411.elf.dir/dr/system_stm32f4xx.c.obj

.debug_aranges  0x00000000      0x300
 .debug_aranges
                0x00000000       0x88 CMakeFiles/STM32_F411.elf.dir/STM32F4xx_StdPeriph_Driver/src/stm32f4xx_gpio.c.obj
 .debug_aranges
                0x00000088      0x198 CMakeFiles/STM32_F411.elf.dir/STM32F4xx_StdPeriph_Driver/src/stm32f4xx_rcc.c.obj
 .debug_aranges
                0x00000220       0x28 CMakeFiles/STM32_F411.elf.dir/Source/main.c.obj
 .debug_aranges
                0x00000248       0x60 CMakeFiles/STM32_F411.elf.dir/dr/stm32f4xx_it.c.obj
 .debug_aranges
                0x000002a8       0x30 CMakeFiles/STM32_F411.elf.dir/dr/system_stm32f4xx.c.obj
 .debug_aranges
                0x000002d8       0x28 CMakeFiles/STM32_F411.elf.dir/startup/startup_stm32f411xe.s.obj

.debug_ranges   0x00000000      0x2c0
 .debug_ranges  0x00000000       0x78 CMakeFiles/STM32_F411.elf.dir/STM32F4xx_StdPeriph_Driver/src/stm32f4xx_gpio.c.obj
 .debug_ranges  0x00000078      0x188 CMakeFiles/STM32_F411.elf.dir/STM32F4xx_StdPeriph_Driver/src/stm32f4xx_rcc.c.obj
 .debug_ranges  0x00000200       0x30 CMakeFiles/STM32_F411.elf.dir/Source/main.c.obj
 .debug_ranges  0x00000230       0x50 CMakeFiles/STM32_F411.elf.dir/dr/stm32f4xx_it.c.obj
 .debug_ranges  0x00000280       0x20 CMakeFiles/STM32_F411.elf.dir/dr/system_stm32f4xx.c.obj
 .debug_ranges  0x000002a0       0x20 CMakeFiles/STM32_F411.elf.dir/startup/startup_stm32f411xe.s.obj

.debug_line     0x00000000     0x18f7
 .debug_line    0x00000000      0x5a2 CMakeFiles/STM32_F411.elf.dir/STM32F4xx_StdPeriph_Driver/src/stm32f4xx_gpio.c.obj
 .debug_line    0x000005a2      0xbb4 CMakeFiles/STM32_F411.elf.dir/STM32F4xx_StdPeriph_Driver/src/stm32f4xx_rcc.c.obj
 .debug_line    0x00001156      0x2b5 CMakeFiles/STM32_F411.elf.dir/Source/main.c.obj
 .debug_line    0x0000140b      0x14a CMakeFiles/STM32_F411.elf.dir/dr/stm32f4xx_it.c.obj
 .debug_line    0x00001555      0x2fd CMakeFiles/STM32_F411.elf.dir/dr/system_stm32f4xx.c.obj
 .debug_line    0x00001852       0xa5 CMakeFiles/STM32_F411.elf.dir/startup/startup_stm32f411xe.s.obj

.debug_str      0x00000000      0xe91
 .debug_str     0x00000000      0x4d0 CMakeFiles/STM32_F411.elf.dir/STM32F4xx_StdPeriph_Driver/src/stm32f4xx_gpio.c.obj
                                0x51e (size before relaxing)
 .debug_str     0x000004d0      0x755 CMakeFiles/STM32_F411.elf.dir/STM32F4xx_StdPeriph_Driver/src/stm32f4xx_rcc.c.obj
                                0x97b (size before relaxing)
 .debug_str     0x00000c25       0x53 CMakeFiles/STM32_F411.elf.dir/Source/main.c.obj
                                0x3e1 (size before relaxing)
 .debug_str     0x00000c78       0xc9 CMakeFiles/STM32_F411.elf.dir/dr/stm32f4xx_it.c.obj
                                0x24b (size before relaxing)
 .debug_str     0x00000d41       0xfd CMakeFiles/STM32_F411.elf.dir/dr/system_stm32f4xx.c.obj
                                0x3f4 (size before relaxing)
 .debug_str     0x00000e3e       0x53 CMakeFiles/STM32_F411.elf.dir/startup/startup_stm32f411xe.s.obj
                                 0x8c (size before relaxing)

.comment        0x00000000       0x49
 .comment       0x00000000       0x49 CMakeFiles/STM32_F411.elf.dir/STM32F4xx_StdPeriph_Driver/src/stm32f4xx_gpio.c.obj
                                 0x4a (size before relaxing)
 .comment       0x00000049       0x4a CMakeFiles/STM32_F411.elf.dir/STM32F4xx_StdPeriph_Driver/src/stm32f4xx_rcc.c.obj
 .comment       0x00000049       0x4a CMakeFiles/STM32_F411.elf.dir/Source/main.c.obj
 .comment       0x00000049       0x4a CMakeFiles/STM32_F411.elf.dir/dr/stm32f4xx_it.c.obj
 .comment       0x00000049       0x4a CMakeFiles/STM32_F411.elf.dir/dr/system_stm32f4xx.c.obj

.debug_frame    0x00000000      0x724
 .debug_frame   0x00000000      0x118 CMakeFiles/STM32_F411.elf.dir/STM32F4xx_StdPeriph_Driver/src/stm32f4xx_gpio.c.obj
 .debug_frame   0x00000118      0x328 CMakeFiles/STM32_F411.elf.dir/STM32F4xx_StdPeriph_Driver/src/stm32f4xx_rcc.c.obj
 .debug_frame   0x00000440       0x3c CMakeFiles/STM32_F411.elf.dir/Source/main.c.obj
 .debug_frame   0x0000047c       0xa0 CMakeFiles/STM32_F411.elf.dir/dr/stm32f4xx_it.c.obj
 .debug_frame   0x0000051c       0x48 CMakeFiles/STM32_F411.elf.dir/dr/system_stm32f4xx.c.obj
 .debug_frame   0x00000564       0x2c d:/clion_stm32/gcc-arm-none-eabi-10.3-2021.10/bin/../lib/gcc/arm-none-eabi/10.3.1/../../../../arm-none-eabi/lib/thumb/v7e-m/nofp\libg.a(lib_a-init.o)
 .debug_frame   0x00000590       0x5c d:/clion_stm32/gcc-arm-none-eabi-10.3-2021.10/bin/../lib/gcc/arm-none-eabi/10.3.1/../../../../arm-none-eabi/lib/thumb/v7e-m/nofp\libg.a(lib_a-__call_atexit.o)
 .debug_frame   0x000005ec       0x20 d:/clion_stm32/gcc-arm-none-eabi-10.3-2021.10/bin/../lib/gcc/arm-none-eabi/10.3.1/../../../../arm-none-eabi/lib/thumb/v7e-m/nofp\libg.a(lib_a-atexit.o)
 .debug_frame   0x0000060c       0x34 d:/clion_stm32/gcc-arm-none-eabi-10.3-2021.10/bin/../lib/gcc/arm-none-eabi/10.3.1/../../../../arm-none-eabi/lib/thumb/v7e-m/nofp\libg.a(lib_a-fini.o)
 .debug_frame   0x00000640       0xb0 d:/clion_stm32/gcc-arm-none-eabi-10.3-2021.10/bin/../lib/gcc/arm-none-eabi/10.3.1/../../../../arm-none-eabi/lib/thumb/v7e-m/nofp\libg.a(lib_a-lock.o)
 .debug_frame   0x000006f0       0x34 d:/clion_stm32/gcc-arm-none-eabi-10.3-2021.10/bin/../lib/gcc/arm-none-eabi/10.3.1/../../../../arm-none-eabi/lib/thumb/v7e-m/nofp\libg.a(lib_a-__atexit.o)
